PLANS 26 STEPS 244
AUDIO 001_starter 0
AUDIO 001_starter 1
AUDIO 001_starter 2
AUDIO 001_starter 3
AUDIO 001_starter 4
AUDIO 001_starter 5
AUDIO 001_starter 7
AUDIO 001_starter 6
AUDIO 001_starter 9
AUDIO 001_starter 8
AUDIO 001_starter 10
AUDIO 001_starter 11
AUDIO 001_starter 12
AUDIO 001_starter 13
AUDIO 001_starter 14
AUDIO 001_starter 15
AUDIO 002_starter 1
AUDIO 002_starter 2
AUDIO 002_starter 0
AUDIO 002_starter 3
AUDIO 002_starter 4
AUDIO 002_starter 5
AUDIO 002_starter 6
AUDIO 002_starter 7
AUDIO 002_starter 9
AUDIO 002_starter 10
AUDIO 002_starter 8
AUDIO 002_starter 11
AUDIO 003_starter 0
AUDIO 003_starter 2
AUDIO 003_starter 1
AUDIO 003_starter 3
AUDIO 003_starter 4
AUDIO 003_starter 6
AUDIO 003_starter 5
AUDIO 003_starter 7
AUDIO 003_starter 8
AUDIO 003_starter 9
AUDIO 004_starter 0
AUDIO 004_starter 1
AUDIO 004_starter 2
AUDIO 004_starter 5
AUDIO 004_starter 3
AUDIO 004_starter 4
AUDIO 004_starter 6
AUDIO 004_starter 7
AUDIO w02_bmi 0
AUDIO 004_starter 8
AUDIO 004_starter 9
AUDIO w02_bmi 1
AUDIO w02_bmi 2
AUDIO w02_bmi 3
AUDIO w02_bmi 4
AUDIO w02_bmi 6
AUDIO w02_bmi 5
AUDIO w02_bmi 7
AUDIO w02_interactive 0
AUDIO w02_interactive 1
AUDIO w02_interactive 2
AUDIO w02_interactive 3
AUDIO w02_interactive 4
AUDIO w02_interactive 5
AUDIO w02_interactive 6
AUDIO w02_types_operators 0
AUDIO w02_types_operators 1
AUDIO w02_types_operators 2
AUDIO w02_types_operators 3
AUDIO w02_types_operators 4
AUDIO w02_types_operators 6
AUDIO w02_types_operators 5
AUDIO w02_types_operators 7
AUDIO w03_ai_debug_log 1
AUDIO w03_ai_debug_log 0
AUDIO w03_ai_debug_log 2
AUDIO w03_ai_debug_log 4
AUDIO w03_ai_debug_log 3
AUDIO w03_ai_debug_log 6
AUDIO w03_ai_debug_log 5
AUDIO w03_ai_debug_log 7
AUDIO w04_exceptions_logs 0
AUDIO w04_exceptions_logs 1
AUDIO w04_exceptions_logs 2
AUDIO w04_exceptions_logs 3
AUDIO w04_exceptions_logs 4
AUDIO w04_exceptions_logs 5
AUDIO w04_exceptions_logs 7
AUDIO w04_exceptions_logs 8
AUDIO w04_exceptions_logs 6
AUDIO w04_exceptions_logs 9
AUDIO w05_guess_number 1
AUDIO w05_guess_number 0
AUDIO w05_guess_number 2
AUDIO w05_guess_number 3
AUDIO w05_guess_number 4
AUDIO w05_guess_number 6
AUDIO w05_loop_early_exit 0
AUDIO w05_guess_number 5
AUDIO w05_loop_early_exit 1
AUDIO w05_loop_early_exit 2
AUDIO w05_loop_early_exit 4
AUDIO w05_loop_early_exit 3
AUDIO w05_loop_early_exit 5
AUDIO w05_loop_early_exit 7
AUDIO w05_loop_early_exit 6
AUDIO w06_gradebook_list 0
AUDIO w06_gradebook_list 2
AUDIO w06_gradebook_list 3
AUDIO w06_gradebook_list 1
AUDIO w06_gradebook_list 4
AUDIO w06_gradebook_list 5
AUDIO w06_gradebook_list 6
AUDIO w06_gradebook_list 7
AUDIO w07_gradebook_dict 0
AUDIO w07_gradebook_dict 1
AUDIO w07_gradebook_dict 2
AUDIO w07_gradebook_dict 3
AUDIO w07_gradebook_dict 4
AUDIO w07_gradebook_dict 5
AUDIO w07_gradebook_dict 6
AUDIO w07_gradebook_dict 7
AUDIO w07_lookup_comparison 0
AUDIO w07_lookup_comparison 1
AUDIO w07_lookup_comparison 2
AUDIO w07_lookup_comparison 3
AUDIO w07_lookup_comparison 4
AUDIO w07_lookup_comparison 5
AUDIO w07_lookup_comparison 6
AUDIO w07_lookup_comparison 7
AUDIO w08_contacts_regex 0
AUDIO w08_contacts_regex 1
AUDIO w08_contacts_regex 3
AUDIO w08_contacts_regex 2
AUDIO w08_contacts_regex 4
AUDIO w08_contacts_regex 5
AUDIO w08_contacts_regex 6
AUDIO w08_contacts_regex 7
AUDIO w08_contacts_regex 8
AUDIO w08_contacts_regex 9
AUDIO w08_contacts_regex 10
AUDIO w08_import_math 0
AUDIO w08_contacts_regex 11
AUDIO w08_contacts_regex 12
AUDIO w08_import_math 1
AUDIO w08_import_math 2
AUDIO w08_import_math 3
AUDIO w08_import_math 4
AUDIO w08_import_math 5
AUDIO w08_import_math 6
AUDIO w08_import_math 7
AUDIO w08_loan 1
AUDIO w08_loan 0
AUDIO w08_loan 2
AUDIO w08_loan 4
AUDIO w08_loan 3
AUDIO w08_loan 5
AUDIO w08_loan 7
AUDIO w08_loan 6
AUDIO w08_lottery 2
AUDIO w08_lottery 1
AUDIO w08_lottery 0
AUDIO w08_lottery 3
AUDIO w08_lottery 5
AUDIO w08_lottery 4
AUDIO w08_lottery 6
AUDIO w08_lottery 7
AUDIO w08_string_constants 0
AUDIO w08_string_constants 1
AUDIO w08_string_constants 2
AUDIO w08_string_constants 3
AUDIO w08_string_constants 4
AUDIO w08_string_constants 5
AUDIO w09_lambda_higher_order 0
AUDIO w09_lambda_higher_order 1
AUDIO w09_lambda_higher_order 2
AUDIO w09_lambda_higher_order 4
AUDIO w09_lambda_higher_order 3
AUDIO w09_lambda_higher_order 5
AUDIO w09_lambda_higher_order 6
AUDIO w09_lambda_higher_order 8
AUDIO w09_lambda_higher_order 7
AUDIO w09_lambda_higher_order 9
AUDIO w09_lambda_higher_order 10
AUDIO w09_lambda_higher_order 13
AUDIO w09_lambda_higher_order 11
AUDIO w09_lambda_higher_order 12
AUDIO w09_salary_functions 0
AUDIO w09_salary_functions 2
AUDIO w09_salary_functions 1
AUDIO w09_salary_functions 5
AUDIO w09_salary_functions 3
AUDIO w09_salary_functions 4
AUDIO w09_salary_functions 6
AUDIO w09_salary_functions 7
AUDIO w09_salary_functions 8
AUDIO w09_salary_functions 9
AUDIO w10_modular_gradebook 0
AUDIO w10_modular_gradebook 1
AUDIO w10_modular_gradebook 2
AUDIO w10_modular_gradebook 3
AUDIO w10_modular_gradebook 4
AUDIO w10_modular_gradebook 5
AUDIO w10_modular_gradebook 6
AUDIO w10_modular_gradebook 7
AUDIO w10_modular_gradebook 8
AUDIO w10_modular_gradebook 9
AUDIO w10_nested_subgraph 0
AUDIO w10_nested_subgraph 1
AUDIO w10_nested_subgraph 3
AUDIO w10_nested_subgraph 5
AUDIO w10_nested_subgraph 4
AUDIO w10_nested_subgraph 6
AUDIO w10_nested_subgraph 7
AUDIO w10_nested_subgraph 8
AUDIO w10_nested_subgraph 9
AUDIO w10_nested_subgraph 10
AUDIO w10_nested_subgraph 11
AUDIO w10_nested_subgraph 2
AUDIO w10_nested_subgraph 12
AUDIO w10_nested_subgraph 13
AUDIO w10_nested_subgraph 14
AUDIO w11_basic_pandas 0
AUDIO w11_basic_pandas 1
AUDIO w11_basic_pandas 3
AUDIO w11_basic_pandas 2
AUDIO w11_basic_pandas 5
AUDIO w11_basic_pandas 6
AUDIO w11_basic_pandas 4
AUDIO w11_basic_pandas 7
AUDIO w11_csv_json_roundtrip 0
AUDIO w11_csv_json_roundtrip 2
AUDIO w11_csv_json_roundtrip 3
AUDIO w11_csv_json_roundtrip 4
AUDIO w11_csv_json_roundtrip 1
AUDIO w11_csv_json_roundtrip 5
AUDIO w11_csv_json_roundtrip 6
AUDIO w11_csv_json_roundtrip 7
AUDIO w11_survey_collection 0
AUDIO w11_survey_collection 2
AUDIO w11_survey_collection 3
AUDIO w11_survey_collection 1
AUDIO w11_survey_collection 4
AUDIO w11_survey_collection 5
AUDIO w11_survey_collection 6
AUDIO w11_survey_collection 7
